335  13:57:24.699 [main] INFO  com.omrbranch.lib.BaseClass - Read the value from config file(key,value):(browser:chrome)
765  13:57:25.129 [main] DEBUG i.g.b.wdm.cache.ResolutionCache - Removing resolution chrome=115 from cache (expired on Sat Aug 19 12:59:39 IST 2023)
798  13:57:25.162 [main] DEBUG o.a.h.c.h.i.c.InternalHttpClient - ex-0000000001 preparing request execution
810  13:57:25.174 [main] DEBUG o.a.h.c.h.impl.classic.ProtocolExec - ex-0000000001 target auth state: UNCHALLENGED
811  13:57:25.175 [main] DEBUG o.a.h.c.h.impl.classic.ProtocolExec - ex-0000000001 proxy auth state: UNCHALLENGED
812  13:57:25.176 [main] DEBUG o.a.h.c.h.impl.classic.ConnectExec - ex-0000000001 acquiring connection with route {s}->https://raw.githubusercontent.com:443
812  13:57:25.176 [main] DEBUG o.a.h.c.h.i.c.InternalHttpClient - ex-0000000001 acquiring endpoint (3 MINUTES)
814  13:57:25.178 [main] DEBUG o.a.h.c.h.i.i.PoolingHttpClientConnectionManager - ex-0000000001 endpoint lease request (3 MINUTES) [route: {s}->https://raw.githubusercontent.com:443][total available: 0; route allocated: 0 of 5; total allocated: 0 of 25]
820  13:57:25.184 [main] DEBUG o.a.h.c.h.i.i.PoolingHttpClientConnectionManager - ex-0000000001 endpoint leased [route: {s}->https://raw.githubusercontent.com:443][total available: 0; route allocated: 1 of 5; total allocated: 1 of 25]
834  13:57:25.198 [main] DEBUG o.a.h.c.h.i.i.PoolingHttpClientConnectionManager - ex-0000000001 acquired ep-0000000001
834  13:57:25.198 [main] DEBUG o.a.h.c.h.i.c.InternalHttpClient - ex-0000000001 acquired endpoint ep-0000000001
834  13:57:25.198 [main] DEBUG o.a.h.c.h.impl.classic.ConnectExec - ex-0000000001 opening connection {s}->https://raw.githubusercontent.com:443
835  13:57:25.199 [main] DEBUG o.a.h.c.h.i.c.InternalHttpClient - ep-0000000001 connecting endpoint (null)
839  13:57:25.203 [main] DEBUG o.a.h.c.h.i.i.PoolingHttpClientConnectionManager - ep-0000000001 connecting endpoint to https://raw.githubusercontent.com:443 (30 SECONDS)
839  13:57:25.203 [main] DEBUG o.a.h.c.h.i.i.DefaultHttpClientConnectionOperator - raw.githubusercontent.com resolving remote address
843  13:57:25.207 [main] DEBUG o.a.h.c.h.i.i.DefaultHttpClientConnectionOperator - raw.githubusercontent.com resolved to [raw.githubusercontent.com/185.199.108.133, raw.githubusercontent.com/185.199.109.133, raw.githubusercontent.com/185.199.110.133, raw.githubusercontent.com/185.199.111.133]
846  13:57:25.210 [main] DEBUG o.a.h.c.h.i.i.DefaultHttpClientConnectionOperator - raw.githubusercontent.com:443 connecting null->raw.githubusercontent.com/185.199.108.133:443 (30 SECONDS)
846  13:57:25.210 [main] DEBUG o.a.h.c.h.s.SSLConnectionSocketFactory - Connecting socket to raw.githubusercontent.com/185.199.108.133:443 with timeout 30 SECONDS
855  13:57:25.219 [main] DEBUG o.a.h.c.h.s.SSLConnectionSocketFactory - Enabled protocols: [TLSv1.3, TLSv1.2]
855  13:57:25.219 [main] DEBUG o.a.h.c.h.s.SSLConnectionSocketFactory - Enabled cipher suites: [TLS_AES_256_GCM_SHA384, TLS_AES_128_GCM_SHA256, TLS_CHACHA20_POLY1305_SHA256, TLS_ECDHE_ECDSA_WITH_AES_256_GCM_SHA384, TLS_ECDHE_ECDSA_WITH_AES_128_GCM_SHA256, TLS_ECDHE_ECDSA_WITH_CHACHA20_POLY1305_SHA256, TLS_ECDHE_RSA_WITH_AES_256_GCM_SHA384, TLS_ECDHE_RSA_WITH_CHACHA20_POLY1305_SHA256, TLS_ECDHE_RSA_WITH_AES_128_GCM_SHA256, TLS_DHE_RSA_WITH_AES_256_GCM_SHA384, TLS_DHE_RSA_WITH_CHACHA20_POLY1305_SHA256, TLS_DHE_DSS_WITH_AES_256_GCM_SHA384, TLS_DHE_RSA_WITH_AES_128_GCM_SHA256, TLS_DHE_DSS_WITH_AES_128_GCM_SHA256, TLS_ECDHE_ECDSA_WITH_AES_256_CBC_SHA384, TLS_ECDHE_RSA_WITH_AES_256_CBC_SHA384, TLS_ECDHE_ECDSA_WITH_AES_128_CBC_SHA256, TLS_ECDHE_RSA_WITH_AES_128_CBC_SHA256, TLS_DHE_RSA_WITH_AES_256_CBC_SHA256, TLS_DHE_DSS_WITH_AES_256_CBC_SHA256, TLS_DHE_RSA_WITH_AES_128_CBC_SHA256, TLS_DHE_DSS_WITH_AES_128_CBC_SHA256, TLS_ECDHE_ECDSA_WITH_AES_256_CBC_SHA, TLS_ECDHE_RSA_WITH_AES_256_CBC_SHA, TLS_ECDHE_ECDSA_WITH_AES_128_CBC_SHA, TLS_ECDHE_RSA_WITH_AES_128_CBC_SHA, TLS_DHE_RSA_WITH_AES_256_CBC_SHA, TLS_DHE_DSS_WITH_AES_256_CBC_SHA, TLS_DHE_RSA_WITH_AES_128_CBC_SHA, TLS_DHE_DSS_WITH_AES_128_CBC_SHA, TLS_RSA_WITH_AES_256_GCM_SHA384, TLS_RSA_WITH_AES_128_GCM_SHA256, TLS_RSA_WITH_AES_256_CBC_SHA256, TLS_RSA_WITH_AES_128_CBC_SHA256, TLS_RSA_WITH_AES_256_CBC_SHA, TLS_RSA_WITH_AES_128_CBC_SHA, TLS_EMPTY_RENEGOTIATION_INFO_SCSV]
855  13:57:25.219 [main] DEBUG o.a.h.c.h.s.SSLConnectionSocketFactory - Starting handshake (null)
875  13:57:25.239 [main] DEBUG o.a.h.c.h.s.SSLConnectionSocketFactory - Secure session established
876  13:57:25.240 [main] DEBUG o.a.h.c.h.s.SSLConnectionSocketFactory -  negotiated protocol: TLSv1.3
876  13:57:25.240 [main] DEBUG o.a.h.c.h.s.SSLConnectionSocketFactory -  negotiated cipher suite: TLS_AES_256_GCM_SHA384
876  13:57:25.240 [main] DEBUG o.a.h.c.h.s.SSLConnectionSocketFactory -  peer principal: CN=*.github.io, O="GitHub, Inc.", L=San Francisco, ST=California, C=US
876  13:57:25.240 [main] DEBUG o.a.h.c.h.s.SSLConnectionSocketFactory -  peer alternative names: [*.github.io, github.io, *.github.com, github.com, www.github.com, *.githubusercontent.com, githubusercontent.com]
876  13:57:25.240 [main] DEBUG o.a.h.c.h.s.SSLConnectionSocketFactory -  issuer principal: CN=DigiCert TLS RSA SHA256 2020 CA1, O=DigiCert Inc, C=US
882  13:57:25.246 [main] DEBUG o.a.h.c.h.i.i.DefaultManagedHttpClientConnection - http-outgoing-0 set socket timeout to 3 MINUTES
882  13:57:25.246 [main] DEBUG o.a.h.c.h.i.i.DefaultHttpClientConnectionOperator - raw.githubusercontent.com:443 connected null->raw.githubusercontent.com/185.199.108.133:443 as http-outgoing-0
882  13:57:25.246 [main] DEBUG o.a.h.c.h.i.i.PoolingHttpClientConnectionManager - ep-0000000001 connected http-outgoing-0
883  13:57:25.247 [main] DEBUG o.a.h.c.h.i.c.InternalHttpClient - ep-0000000001 endpoint connected
884  13:57:25.248 [main] DEBUG o.a.h.c.h.i.classic.MainClientExec - ex-0000000001 executing GET /bonigarcia/webdrivermanager/master/src/main/resources/commands.properties HTTP/1.1
885  13:57:25.249 [main] DEBUG o.a.h.c.h.p.RequestAddCookies - ex-0000000001 Cookie spec selected: strict
896  13:57:25.260 [main] DEBUG o.a.h.c.h.i.c.InternalHttpClient - ep-0000000001 start execution ex-0000000001
896  13:57:25.260 [main] DEBUG o.a.h.c.h.i.i.PoolingHttpClientConnectionManager - ep-0000000001 executing exchange ex-0000000001 over http-outgoing-0
896  13:57:25.260 [main] DEBUG org.apache.hc.client5.http.headers - http-outgoing-0 >> GET /bonigarcia/webdrivermanager/master/src/main/resources/commands.properties HTTP/1.1
896  13:57:25.260 [main] DEBUG org.apache.hc.client5.http.headers - http-outgoing-0 >> user-agent: Apache-HttpClient/5.0
897  13:57:25.261 [main] DEBUG org.apache.hc.client5.http.headers - http-outgoing-0 >> accept-encoding: gzip, deflate, br
897  13:57:25.261 [main] DEBUG org.apache.hc.client5.http.headers - http-outgoing-0 >> cache-control: max-age=0
897  13:57:25.261 [main] DEBUG org.apache.hc.client5.http.headers - http-outgoing-0 >> connection: keep-alive
897  13:57:25.261 [main] DEBUG org.apache.hc.client5.http.headers - http-outgoing-0 >> Host: raw.githubusercontent.com
897  13:57:25.261 [main] DEBUG org.apache.hc.client5.http.wire - http-outgoing-0 >> "GET /bonigarcia/webdrivermanager/master/src/main/resources/commands.properties HTTP/1.1[\r][\n]"
898  13:57:25.262 [main] DEBUG org.apache.hc.client5.http.wire - http-outgoing-0 >> "user-agent: Apache-HttpClient/5.0[\r][\n]"
898  13:57:25.262 [main] DEBUG org.apache.hc.client5.http.wire - http-outgoing-0 >> "accept-encoding: gzip, deflate, br[\r][\n]"
899  13:57:25.263 [main] DEBUG org.apache.hc.client5.http.wire - http-outgoing-0 >> "cache-control: max-age=0[\r][\n]"
899  13:57:25.263 [main] DEBUG org.apache.hc.client5.http.wire - http-outgoing-0 >> "connection: keep-alive[\r][\n]"
899  13:57:25.263 [main] DEBUG org.apache.hc.client5.http.wire - http-outgoing-0 >> "Host: raw.githubusercontent.com[\r][\n]"
899  13:57:25.263 [main] DEBUG org.apache.hc.client5.http.wire - http-outgoing-0 >> "[\r][\n]"
909  13:57:25.273 [main] DEBUG org.apache.hc.client5.http.wire - http-outgoing-0 << "HTTP/1.1 200 OK[\r][\n]"
909  13:57:25.273 [main] DEBUG org.apache.hc.client5.http.wire - http-outgoing-0 << "Connection: keep-alive[\r][\n]"
909  13:57:25.273 [main] DEBUG org.apache.hc.client5.http.wire - http-outgoing-0 << "Content-Length: 723[\r][\n]"
910  13:57:25.274 [main] DEBUG org.apache.hc.client5.http.wire - http-outgoing-0 << "Cache-Control: max-age=300[\r][\n]"
910  13:57:25.274 [main] DEBUG org.apache.hc.client5.http.wire - http-outgoing-0 << "Content-Security-Policy: default-src 'none'; style-src 'unsafe-inline'; sandbox[\r][\n]"
910  13:57:25.274 [main] DEBUG org.apache.hc.client5.http.wire - http-outgoing-0 << "Content-Type: text/plain; charset=utf-8[\r][\n]"
910  13:57:25.274 [main] DEBUG org.apache.hc.client5.http.wire - http-outgoing-0 << "ETag: W/"e82b438271e9e8680c688b0b680efd0bdd22faa6d6f0a32fc1fd8accc486b67e"[\r][\n]"
910  13:57:25.274 [main] DEBUG org.apache.hc.client5.http.wire - http-outgoing-0 << "Strict-Transport-Security: max-age=31536000[\r][\n]"
910  13:57:25.274 [main] DEBUG org.apache.hc.client5.http.wire - http-outgoing-0 << "X-Content-Type-Options: nosniff[\r][\n]"
910  13:57:25.274 [main] DEBUG org.apache.hc.client5.http.wire - http-outgoing-0 << "X-Frame-Options: deny[\r][\n]"
910  13:57:25.274 [main] DEBUG org.apache.hc.client5.http.wire - http-outgoing-0 << "X-XSS-Protection: 1; mode=block[\r][\n]"
910  13:57:25.274 [main] DEBUG org.apache.hc.client5.http.wire - http-outgoing-0 << "X-GitHub-Request-Id: 9B28:2070:0A3B:0E91:64D15F98[\r][\n]"
910  13:57:25.274 [main] DEBUG org.apache.hc.client5.http.wire - http-outgoing-0 << "Content-Encoding: gzip[\r][\n]"
911  13:57:25.275 [main] DEBUG org.apache.hc.client5.http.wire - http-outgoing-0 << "Accept-Ranges: bytes[\r][\n]"
911  13:57:25.275 [main] DEBUG org.apache.hc.client5.http.wire - http-outgoing-0 << "Date: Sat, 19 Aug 2023 08:27:26 GMT[\r][\n]"
911  13:57:25.275 [main] DEBUG org.apache.hc.client5.http.wire - http-outgoing-0 << "Via: 1.1 varnish[\r][\n]"
911  13:57:25.275 [main] DEBUG org.apache.hc.client5.http.wire - http-outgoing-0 << "X-Served-By: cache-maa10249-MAA[\r][\n]"
911  13:57:25.275 [main] DEBUG org.apache.hc.client5.http.wire - http-outgoing-0 << "X-Cache: HIT[\r][\n]"
911  13:57:25.275 [main] DEBUG org.apache.hc.client5.http.wire - http-outgoing-0 << "X-Cache-Hits: 1[\r][\n]"
911  13:57:25.275 [main] DEBUG org.apache.hc.client5.http.wire - http-outgoing-0 << "X-Timer: S1692433646.208280,VS0,VE5[\r][\n]"
911  13:57:25.275 [main] DEBUG org.apache.hc.client5.http.wire - http-outgoing-0 << "Vary: Authorization,Accept-Encoding,Origin[\r][\n]"
911  13:57:25.275 [main] DEBUG org.apache.hc.client5.http.wire - http-outgoing-0 << "Access-Control-Allow-Origin: *[\r][\n]"
911  13:57:25.275 [main] DEBUG org.apache.hc.client5.http.wire - http-outgoing-0 << "Cross-Origin-Resource-Policy: cross-origin[\r][\n]"
912  13:57:25.276 [main] DEBUG org.apache.hc.client5.http.wire - http-outgoing-0 << "X-Fastly-Request-ID: 7173f118938917c1b99c05ee3f49fdb80c688b48[\r][\n]"
912  13:57:25.276 [main] DEBUG org.apache.hc.client5.http.wire - http-outgoing-0 << "Expires: Sat, 19 Aug 2023 08:32:26 GMT[\r][\n]"
912  13:57:25.276 [main] DEBUG org.apache.hc.client5.http.wire - http-outgoing-0 << "Source-Age: 42[\r][\n]"
912  13:57:25.276 [main] DEBUG org.apache.hc.client5.http.wire - http-outgoing-0 << "[\r][\n]"
916  13:57:25.280 [main] DEBUG org.apache.hc.client5.http.headers - http-outgoing-0 << HTTP/1.1 200 OK
916  13:57:25.280 [main] DEBUG org.apache.hc.client5.http.headers - http-outgoing-0 << Connection: keep-alive
916  13:57:25.280 [main] DEBUG org.apache.hc.client5.http.headers - http-outgoing-0 << Content-Length: 723
916  13:57:25.280 [main] DEBUG org.apache.hc.client5.http.headers - http-outgoing-0 << Cache-Control: max-age=300
916  13:57:25.280 [main] DEBUG org.apache.hc.client5.http.headers - http-outgoing-0 << Content-Security-Policy: default-src 'none'; style-src 'unsafe-inline'; sandbox
916  13:57:25.280 [main] DEBUG org.apache.hc.client5.http.headers - http-outgoing-0 << Content-Type: text/plain; charset=utf-8
916  13:57:25.280 [main] DEBUG org.apache.hc.client5.http.headers - http-outgoing-0 << ETag: W/"e82b438271e9e8680c688b0b680efd0bdd22faa6d6f0a32fc1fd8accc486b67e"
916  13:57:25.280 [main] DEBUG org.apache.hc.client5.http.headers - http-outgoing-0 << Strict-Transport-Security: max-age=31536000
916  13:57:25.280 [main] DEBUG org.apache.hc.client5.http.headers - http-outgoing-0 << X-Content-Type-Options: nosniff
916  13:57:25.280 [main] DEBUG org.apache.hc.client5.http.headers - http-outgoing-0 << X-Frame-Options: deny
917  13:57:25.281 [main] DEBUG org.apache.hc.client5.http.headers - http-outgoing-0 << X-XSS-Protection: 1; mode=block
917  13:57:25.281 [main] DEBUG org.apache.hc.client5.http.headers - http-outgoing-0 << X-GitHub-Request-Id: 9B28:2070:0A3B:0E91:64D15F98
917  13:57:25.281 [main] DEBUG org.apache.hc.client5.http.headers - http-outgoing-0 << Content-Encoding: gzip
917  13:57:25.281 [main] DEBUG org.apache.hc.client5.http.headers - http-outgoing-0 << Accept-Ranges: bytes
917  13:57:25.281 [main] DEBUG org.apache.hc.client5.http.headers - http-outgoing-0 << Date: Sat, 19 Aug 2023 08:27:26 GMT
917  13:57:25.281 [main] DEBUG org.apache.hc.client5.http.headers - http-outgoing-0 << Via: 1.1 varnish
917  13:57:25.281 [main] DEBUG org.apache.hc.client5.http.headers - http-outgoing-0 << X-Served-By: cache-maa10249-MAA
917  13:57:25.281 [main] DEBUG org.apache.hc.client5.http.headers - http-outgoing-0 << X-Cache: HIT
917  13:57:25.281 [main] DEBUG org.apache.hc.client5.http.headers - http-outgoing-0 << X-Cache-Hits: 1
917  13:57:25.281 [main] DEBUG org.apache.hc.client5.http.headers - http-outgoing-0 << X-Timer: S1692433646.208280,VS0,VE5
917  13:57:25.281 [main] DEBUG org.apache.hc.client5.http.headers - http-outgoing-0 << Vary: Authorization,Accept-Encoding,Origin
917  13:57:25.281 [main] DEBUG org.apache.hc.client5.http.headers - http-outgoing-0 << Access-Control-Allow-Origin: *
917  13:57:25.281 [main] DEBUG org.apache.hc.client5.http.headers - http-outgoing-0 << Cross-Origin-Resource-Policy: cross-origin
917  13:57:25.281 [main] DEBUG org.apache.hc.client5.http.headers - http-outgoing-0 << X-Fastly-Request-ID: 7173f118938917c1b99c05ee3f49fdb80c688b48
918  13:57:25.282 [main] DEBUG org.apache.hc.client5.http.headers - http-outgoing-0 << Expires: Sat, 19 Aug 2023 08:32:26 GMT
918  13:57:25.282 [main] DEBUG org.apache.hc.client5.http.headers - http-outgoing-0 << Source-Age: 42
921  13:57:25.285 [main] DEBUG o.a.h.c.h.i.classic.MainClientExec - ex-0000000001 connection can be kept alive for 3 MINUTES
928  13:57:25.292 [main] DEBUG org.apache.hc.client5.http.wire - http-outgoing-0 << "[0x1f][0xffffff8b][0x8][0x0][0x0][0x0][0x0][0x0][0x0][0x3][0xffffffb5]V]o[0xffffffda]0[0x14]}[0xffffffe7]W\[0xffffff81]*[0xffffffb5][0x12][0x1f][[M[0xffffffd3]$[0x1e]hF[0xffffffbb]i [0x18][0xffffffb4][0xffffffdd]&[0xfffffff9][0xffffffc5]$7[0xffffffc1]R[0x12]#;[0xffffff94]v[0xffffffbf]~[0xffffffb6][0xfffffff3]1[0xffffff92][0xffffff9a][0xffffffc1][0x1a]x[0xffffffcb][0xffffffb5][0xffffffaf][0xffffffcf]9[0xffffffbe][0xfffffff7]8v[0xb][0x1c][0x1e]E4[0xfffffff6]$x4[0xffffffa1][0xb]*[0xffffffb1][0xffffffd1][0xffffff82][0xfffffffb]%[0xffffff93][0xffffffe0][0xffffffb3][0x10][0xffffffc1][0xffffffe5]qBY,!Y[0xffffffea] KM8,[0x10][0xfffffff0][0x19][0xffffffdd]u[0xffffff82][0x1e][0xffffffb0][0xffffffd8]L[0xffffffcb]%[0xffffff86][0xffffffa1][0xe][0xffffffb8][0xfffffff0]P[0xffffffe8]$[0xf][0x13]t[0x13]3[0xfffffff9][0xffffff84]B2[0xffffffae][0xffffffe6]|@[0xfffffff5][0x1d][0x8][0xffffffc4][0x18][0x16][0xffffff82]o[0xffffffa4][0xffffff9a]P[0xffffff94][0xffffffe7][0xffffffce]R[0xfffffff0][0x8][0xffffffdb]p[0xffffffcb][0x4][0xfffffffa][0xfffffffc][0xffffffb9][\r][0xffffff93][0x15][\n]"
929  13:57:25.293 [main] DEBUG org.apache.hc.client5.http.wire - http-outgoing-0 << "[0xffffffda][0xffffff86][0xffffffa1][0x17][0xffffffa8]Q3[0xffffffcb][0xffffffd6][0xffffffd1][0xffffff85][0xffffffc6][0xfffffff7][0xffffff98][0xffffffef][0xffffffa3][0xffffffc0]8[0x1][0xffffffae]s[0x12][0x16][0x7] _d[0xffffff82][0xffffff91][0xffffff84][0xfffffff3][0x1f],[0xfffffff6][0x14]j[0x1b]F,^+[0xffffff98]1ua2[0xffffffbf]h([0xffffff8e][0xffffff94][0xffffffa2][0xffffff91]m[0xffffffa3][0xffffffeb][0xffffff9a][0xffffffb0][0xffffffbb]I[0x17]t[0xffffffdf][0xffffffbd][0xffffffef][0xffffffbb][0xffffff91][0xffffffd7]U[0xffffffbb][0xffffff82][0xffffff9e][0x3][0xffffff9b][0xffffff88][0xffffffb9][0xffffffa6]$[0xffffffa6][0xc][0xffffff9b][0xffffffa5][0xffffffe2][0xffffff83][0xffffff98]F[0xffffffd8]o[0xffffff9e]Mg[0xffffff93][0xffffffbb][0xffffffd9]`|[0xfffffffb]u4[0xffffff9c][0x7f]"}B[0xffffffce][0x8][0xffffffb9][0xffffffe3]<[0x8][0xffffff91][0xffffff90][0xffffff94][0xffffff82][0xffffff90][0xffffffc1]j[0x15]2WI[0xffffffe3]1![0x19][0xffffff91]BnB[0xffffff80][0x9]<f[0xffffffb5][0xffffffe8]=[0xffffffd1]p[0xffffffbd][[0xffffffcf][0xffffffe5][0x1b][0xfffffff4][0xffffff9c][0xffffffff][0xfffffffc][0xfffffff8][0xffffffe1][0xffffffe2][0xffffff94][0xffffffa2][0xffffffae][0xe][0x14]5[0xffffff9a]8[0xffffff83][0xffffffd1]`:[0xfffffffd]<[0xffffffb8][0x1f][0xffffff9c]R[0xffffffcf]u[0x7f]6[0xffffffbc][0xffffff83][0xffffffef][0xf][0xffffffc3][0xffffffd9]/[0xfffffff8][0xfffffff2][0xffffffcd]y s[0xffffffee]'[0x1b]*0g[0xffffffcb][0xffffffc8]nF7H][0xffffff83][0xffffff97]{[0xffffffb1]Q[0x5][\r][0xffffffb5]c[0xffffffb4][0xf][0x2][0xffffffb3][0xffffffb4][0xffffff93][0xe]C[0xffffffa7][0xffffffb3]kAD][0xffffff9d][0xffffffde][0xffffffdb][0xffffffda][0xffffff88][0xffffffec][0xffffffa5][0xffffffbc][0xffffff99][0xffffffd9][0xffffffba]t[0xffffffb5][0xffffffea]9[0xffffffea][0x10])[0xffffffb7][0xffffffca][0xffffff9e][0xfffffff2][0xffffffe2]d^N[0xffffffd8]FW[0x16][0xffffffcd][0xffffffdc]_[0x10][0xfffffff9]i|[0x1c][0xffffff93][0xffffff8e][0xfffffff9]o[0x16][0xffffff86]4'!$G[0xffffffdf]W[0xfffffff4]W*j[[0xfffffff3]xR[0xffffffae][0xffffffb6][0xc][0xffffffd0],; #[0xffffffa9][0xffffff92]5[0xffffffb5][0x7][0xffffff9c][0xffffffb5][0xffffffd0][0x7f][0xffffff90][0xffffffc7]jgs[0xfffffffc][0xffffffc2][0xb][0xffffffd9][0x0]t[0xffffff9e]^'Y[0xfffffffb][0xffffff9f][0xffffffb1][0xffffffd8]:[0xffffffbf][0xffffff8d][0xffffffa5][0xffffff9a][0xffffffad][0x7f]m[0x5]&[0xffffffaa][0xffffffa0]^[0xffffff9b][0xffffffcb][0x5]f[0xffffffae][0xffffffe0]RU[0xffffff82][0x10]MS9l[0xffffff91]4t[0xfffffffb][0xffffff8a]][0xffffffd6][0xfffffff4][0xffffff96][0xffffffa6][0xffffff9f]P[0xffffffce][0xffffffd5][0xffffffce][0xffffff93][0xffffffff][0xffffff97][0xffffffcc]p[0xfffffffd][0xfffffff3][0xffffffe8][0x1b][0xffffffcc][0xffffffa2][0xffffffd9]Q[0xffffffbe][0xffffffb2][0xffffffa3][0xffffffc7]m'[0xffffffdf][0xffffffe4][[0xfffffffb]^[0xffffffb0][0xffffff9a][0xffffffbe][0xffffffda][0xffffffda]_[0xffffffce][0xffffff80][0xffffffd2][0xffffffc1]7[0xffffffb7]][0xffffffc1]b[0xffffffee][0xffffffb5][0xffffffff]w[0xffffff83][0xffffffed][0xffffffa7];[0x15]<[0x10]4[0xffffff92][0xffffff84][0x18][\n]"
930  13:57:25.294 [main] DEBUG org.apache.hc.client5.http.wire - http-outgoing-0 << "BB[0xffffffba][0xffffff8e]][0xffffffb5]jo[0xffffffb9]+"[0xffffffea][0xffffffb4][0xffffffff]h"[0xffffffea]\?5[0xffffffa9][0xffffffaf]k[0xffffffec][0xffffffff]P[0xffffffea][\n]"
930  13:57:25.294 [main] DEBUG org.apache.hc.client5.http.wire - http-outgoing-0 << "w[0xffffffe1]K[0x13][0xffffffda][0xffffffec][0xffffff98][0xffffffe6]Y[0xfffffffd]h8m6[0xffffff9c]T[0xffffffc1][0xfffffff2][0xffffffa7][0xffffff91]z_[0xffffff95]o85p[0x1c][0x13][0xffffffe6][0xfffffff0]5[0xffffffee][0xfffffffc][0xffffff92][0xffffff96][0xffffffda][0xfffffff7][0xffffffcf][0xffffffb1][0x5][0x1d][0xffffffea]K[0xffffff9b]9[0xffffff8e][0xffffffad]e[0xfffffff7][0xffffff93][0xffffffa8]`[0xffffffda][0xffffffff][0x1a][0xffffffd2][0xffffff88][0xffffff85][0xfffffffd][0xfffffff2][0xffffff91]N[0xfffffff6]`[0xffffffdf]2[0xffffffcf][0xffffffae]E[0xffffff97][0xffffffc5][0xffffffa2][0xffffff9d][0xffffffef]'[0xffffff9d]mun.[0xffffffd3]f^[0xffffffc7][0xffffff82][0xffffffda][0xffffff82]9[0xfffffff5][0xffffffa9]`[0x5][0xffffffbc]4[0xffffffa1][0x1d]<M[0xffffffb5]A[0xffffffa7]3[[0xffffffc0][0x7f][0x0][0xffffffc1][0xffffffd0]$[0xffffff85][0x1d][\r][0x0][0x0]"
933  13:57:25.297 [main] DEBUG o.a.h.c.h.i.c.InternalHttpClient - ep-0000000001 releasing valid endpoint
933  13:57:25.297 [main] DEBUG o.a.h.c.h.i.i.PoolingHttpClientConnectionManager - ep-0000000001 releasing endpoint
934  13:57:25.298 [main] DEBUG o.a.h.c.h.i.i.PoolingHttpClientConnectionManager - ep-0000000001 connection http-outgoing-0 can be kept alive for 3 MINUTES
935  13:57:25.299 [main] DEBUG o.a.h.c.h.i.i.PoolingHttpClientConnectionManager - ep-0000000001 connection released [route: {s}->https://raw.githubusercontent.com:443][total available: 1; route allocated: 1 of 5; total allocated: 1 of 25]
935  13:57:25.299 [main] DEBUG i.g.b.wdm.versions.VersionDetector - Detecting chrome version using online commands.properties
940  13:57:25.304 [main] DEBUG i.g.bonigarcia.wdm.versions.Shell - Running command on the shell: [cmd.exe, /C, wmic, datafile, where, name="%PROGRAMFILES:\=\\%\\Google\\Chrome\\Application\\chrome.exe", get, Version, /value]
1112 13:57:25.476 [main] DEBUG i.g.bonigarcia.wdm.versions.Shell - Result: 
1113 13:57:25.477 [main] DEBUG i.g.bonigarcia.wdm.versions.Shell - Running command on the shell: [cmd.exe, /C, wmic, datafile, where, name="%PROGRAMFILES(X86):\=\\%\\Google\\Chrome\\Application\\chrome.exe", get, Version, /value]
1243 13:57:25.607 [main] DEBUG i.g.bonigarcia.wdm.versions.Shell - Result: Version=115.0.5790.173
1248 13:57:25.612 [main] DEBUG i.g.b.wdm.cache.ResolutionCache - Resolution chrome115=115.0.5790.170 in cache (valid until 10:18:25 20/08/2023 IST)
1251 13:57:25.615 [main] INFO  i.g.bonigarcia.wdm.WebDriverManager - Using chromedriver 115.0.5790.170 (resolved driver for Chrome 115)
1255 13:57:25.619 [main] DEBUG i.g.b.wdm.cache.ResolutionCache - Storing resolution chrome=115 in cache (valid until 14:57:25 19/08/2023 IST)
1277 13:57:25.641 [main] DEBUG i.g.bonigarcia.wdm.WebDriverManager - Driver chromedriver 115.0.5790.170 found in cache
1279 13:57:25.643 [main] INFO  i.g.bonigarcia.wdm.WebDriverManager - Exporting webdriver.chrome.driver as C:\Users\Administrator\.cache\selenium\chromedriver\win64\115.0.5790.170\chromedriver.exe
2663 13:57:27.027 [main] INFO  com.omrbranch.lib.BaseClass - chrome is launched successfully.
2807 13:57:27.171 [main] INFO  com.omrbranch.lib.BaseClass - Launched browser window is maximizied..
2808 13:57:27.172 [main] INFO  com.omrbranch.lib.BaseClass - Read the value from config file(key,value):(URL:null)
298  14:00:16.186 [main] INFO  com.omrbranch.lib.BaseClass - Read the value from config file(key,value):(browser:chrome)
733  14:00:16.621 [main] DEBUG i.g.b.wdm.cache.ResolutionCache - Resolution chrome=115 in cache (valid until 14:57:25 19/08/2023 IST)
740  14:00:16.628 [main] DEBUG i.g.b.wdm.cache.ResolutionCache - Resolution chrome115=115.0.5790.170 in cache (valid until 10:18:25 20/08/2023 IST)
741  14:00:16.629 [main] INFO  i.g.bonigarcia.wdm.WebDriverManager - Using chromedriver 115.0.5790.170 (resolved driver for Chrome 115)
772  14:00:16.660 [main] DEBUG i.g.bonigarcia.wdm.WebDriverManager - Driver chromedriver 115.0.5790.170 found in cache
774  14:00:16.662 [main] INFO  i.g.bonigarcia.wdm.WebDriverManager - Exporting webdriver.chrome.driver as C:\Users\Administrator\.cache\selenium\chromedriver\win64\115.0.5790.170\chromedriver.exe
2183 14:00:18.071 [main] INFO  com.omrbranch.lib.BaseClass - chrome is launched successfully.
2426 14:00:18.314 [main] INFO  com.omrbranch.lib.BaseClass - Launched browser window is maximizied..
2427 14:00:18.315 [main] INFO  com.omrbranch.lib.BaseClass - Read the value from config file(key,value):(url:https://www.omrbranch.com/)
7397 14:00:23.285 [main] INFO  com.omrbranch.lib.BaseClass - Quit the browser
373  14:06:40.248 [main] INFO  com.omrbranch.lib.BaseClass - Read the value from config file(key,value):(browser:chrome)
827  14:06:40.702 [main] DEBUG i.g.b.wdm.cache.ResolutionCache - Resolution chrome=115 in cache (valid until 14:57:25 19/08/2023 IST)
834  14:06:40.709 [main] DEBUG i.g.b.wdm.cache.ResolutionCache - Resolution chrome115=115.0.5790.170 in cache (valid until 10:18:25 20/08/2023 IST)
835  14:06:40.710 [main] INFO  i.g.bonigarcia.wdm.WebDriverManager - Using chromedriver 115.0.5790.170 (resolved driver for Chrome 115)
874  14:06:40.749 [main] DEBUG i.g.bonigarcia.wdm.WebDriverManager - Driver chromedriver 115.0.5790.170 found in cache
878  14:06:40.753 [main] INFO  i.g.bonigarcia.wdm.WebDriverManager - Exporting webdriver.chrome.driver as C:\Users\Administrator\.cache\selenium\chromedriver\win64\115.0.5790.170\chromedriver.exe
2405 14:06:42.280 [main] INFO  com.omrbranch.lib.BaseClass - chrome is launched successfully.
2549 14:06:42.424 [main] INFO  com.omrbranch.lib.BaseClass - Launched browser window is maximizied..
2549 14:06:42.424 [main] INFO  com.omrbranch.lib.BaseClass - Read the value from config file(key,value):(url:https://www.omrbranch.com/)
379  14:09:56.562 [main] INFO  com.omrbranch.lib.BaseClass - Read the value from config file(key,value):(browser:chrome)
796  14:09:56.979 [main] DEBUG i.g.b.wdm.cache.ResolutionCache - Resolution chrome=115 in cache (valid until 14:57:25 19/08/2023 IST)
803  14:09:56.986 [main] DEBUG i.g.b.wdm.cache.ResolutionCache - Resolution chrome115=115.0.5790.170 in cache (valid until 10:18:25 20/08/2023 IST)
804  14:09:56.987 [main] INFO  i.g.bonigarcia.wdm.WebDriverManager - Using chromedriver 115.0.5790.170 (resolved driver for Chrome 115)
837  14:09:57.020 [main] DEBUG i.g.bonigarcia.wdm.WebDriverManager - Driver chromedriver 115.0.5790.170 found in cache
840  14:09:57.023 [main] INFO  i.g.bonigarcia.wdm.WebDriverManager - Exporting webdriver.chrome.driver as C:\Users\Administrator\.cache\selenium\chromedriver\win64\115.0.5790.170\chromedriver.exe
2217 14:09:58.400 [main] INFO  com.omrbranch.lib.BaseClass - chrome is launched successfully.
2381 14:09:58.564 [main] INFO  com.omrbranch.lib.BaseClass - Launched browser window is maximizied..
2382 14:09:58.565 [main] INFO  com.omrbranch.lib.BaseClass - Read the value from config file(key,value):(url:https://www.omrbranch.com/)
3347 14:09:59.530 [main] INFO  com.omrbranch.lib.BaseClass - Test is shorted
7371 14:10:03.554 [main] INFO  com.omrbranch.lib.BaseClass - Quit the browser
361  14:13:24.201 [main] INFO  com.omrbranch.lib.BaseClass - Read the value from config file(key,value):(browser:chrome)
837  14:13:24.677 [main] DEBUG i.g.b.wdm.cache.ResolutionCache - Resolution chrome=115 in cache (valid until 14:57:25 19/08/2023 IST)
844  14:13:24.684 [main] DEBUG i.g.b.wdm.cache.ResolutionCache - Resolution chrome115=115.0.5790.170 in cache (valid until 10:18:25 20/08/2023 IST)
845  14:13:24.685 [main] INFO  i.g.bonigarcia.wdm.WebDriverManager - Using chromedriver 115.0.5790.170 (resolved driver for Chrome 115)
877  14:13:24.717 [main] DEBUG i.g.bonigarcia.wdm.WebDriverManager - Driver chromedriver 115.0.5790.170 found in cache
881  14:13:24.721 [main] INFO  i.g.bonigarcia.wdm.WebDriverManager - Exporting webdriver.chrome.driver as C:\Users\Administrator\.cache\selenium\chromedriver\win64\115.0.5790.170\chromedriver.exe
2513 14:13:26.353 [main] INFO  com.omrbranch.lib.BaseClass - chrome is launched successfully.
2677 14:13:26.517 [main] INFO  com.omrbranch.lib.BaseClass - Launched browser window is maximizied..
2677 14:13:26.517 [main] INFO  com.omrbranch.lib.BaseClass - Read the value from config file(key,value):(url:https://www.omrbranch.com/)
3660 14:13:27.500 [main] INFO  com.omrbranch.lib.BaseClass - isLogoVisible
7675 14:13:31.515 [main] INFO  com.omrbranch.lib.BaseClass - Quit the browser
392  15:21:06.959 [main] INFO  com.omrbranch.lib.BaseClass - Read the value from config file(key,value):(browser:chrome)
837  15:21:07.404 [main] DEBUG i.g.b.wdm.cache.ResolutionCache - Removing resolution chrome=115 from cache (expired on Sat Aug 19 14:57:25 IST 2023)
874  15:21:07.441 [main] DEBUG o.a.h.c.h.i.c.InternalHttpClient - ex-0000000001 preparing request execution
896  15:21:07.463 [main] DEBUG o.a.h.c.h.impl.classic.ProtocolExec - ex-0000000001 target auth state: UNCHALLENGED
901  15:21:07.468 [main] DEBUG o.a.h.c.h.impl.classic.ProtocolExec - ex-0000000001 proxy auth state: UNCHALLENGED
904  15:21:07.471 [main] DEBUG o.a.h.c.h.impl.classic.ConnectExec - ex-0000000001 acquiring connection with route {s}->https://raw.githubusercontent.com:443
907  15:21:07.474 [main] DEBUG o.a.h.c.h.i.c.InternalHttpClient - ex-0000000001 acquiring endpoint (3 MINUTES)
913  15:21:07.480 [main] DEBUG o.a.h.c.h.i.i.PoolingHttpClientConnectionManager - ex-0000000001 endpoint lease request (3 MINUTES) [route: {s}->https://raw.githubusercontent.com:443][total available: 0; route allocated: 0 of 5; total allocated: 0 of 25]
923  15:21:07.490 [main] DEBUG o.a.h.c.h.i.i.PoolingHttpClientConnectionManager - ex-0000000001 endpoint leased [route: {s}->https://raw.githubusercontent.com:443][total available: 0; route allocated: 1 of 5; total allocated: 1 of 25]
961  15:21:07.528 [main] DEBUG o.a.h.c.h.i.i.PoolingHttpClientConnectionManager - ex-0000000001 acquired ep-0000000001
964  15:21:07.531 [main] DEBUG o.a.h.c.h.i.c.InternalHttpClient - ex-0000000001 acquired endpoint ep-0000000001
964  15:21:07.531 [main] DEBUG o.a.h.c.h.impl.classic.ConnectExec - ex-0000000001 opening connection {s}->https://raw.githubusercontent.com:443
966  15:21:07.533 [main] DEBUG o.a.h.c.h.i.c.InternalHttpClient - ep-0000000001 connecting endpoint (null)
971  15:21:07.538 [main] DEBUG o.a.h.c.h.i.i.PoolingHttpClientConnectionManager - ep-0000000001 connecting endpoint to https://raw.githubusercontent.com:443 (30 SECONDS)
973  15:21:07.540 [main] DEBUG o.a.h.c.h.i.i.DefaultHttpClientConnectionOperator - raw.githubusercontent.com resolving remote address
979  15:21:07.546 [main] DEBUG o.a.h.c.h.i.i.DefaultHttpClientConnectionOperator - raw.githubusercontent.com resolved to [raw.githubusercontent.com/185.199.110.133, raw.githubusercontent.com/185.199.111.133, raw.githubusercontent.com/185.199.109.133, raw.githubusercontent.com/185.199.108.133]
983  15:21:07.550 [main] DEBUG o.a.h.c.h.i.i.DefaultHttpClientConnectionOperator - raw.githubusercontent.com:443 connecting null->raw.githubusercontent.com/185.199.110.133:443 (30 SECONDS)
984  15:21:07.551 [main] DEBUG o.a.h.c.h.s.SSLConnectionSocketFactory - Connecting socket to raw.githubusercontent.com/185.199.110.133:443 with timeout 30 SECONDS
998  15:21:07.565 [main] DEBUG o.a.h.c.h.s.SSLConnectionSocketFactory - Enabled protocols: [TLSv1.3, TLSv1.2]
998  15:21:07.565 [main] DEBUG o.a.h.c.h.s.SSLConnectionSocketFactory - Enabled cipher suites: [TLS_AES_256_GCM_SHA384, TLS_AES_128_GCM_SHA256, TLS_CHACHA20_POLY1305_SHA256, TLS_ECDHE_ECDSA_WITH_AES_256_GCM_SHA384, TLS_ECDHE_ECDSA_WITH_AES_128_GCM_SHA256, TLS_ECDHE_ECDSA_WITH_CHACHA20_POLY1305_SHA256, TLS_ECDHE_RSA_WITH_AES_256_GCM_SHA384, TLS_ECDHE_RSA_WITH_CHACHA20_POLY1305_SHA256, TLS_ECDHE_RSA_WITH_AES_128_GCM_SHA256, TLS_DHE_RSA_WITH_AES_256_GCM_SHA384, TLS_DHE_RSA_WITH_CHACHA20_POLY1305_SHA256, TLS_DHE_DSS_WITH_AES_256_GCM_SHA384, TLS_DHE_RSA_WITH_AES_128_GCM_SHA256, TLS_DHE_DSS_WITH_AES_128_GCM_SHA256, TLS_ECDHE_ECDSA_WITH_AES_256_CBC_SHA384, TLS_ECDHE_RSA_WITH_AES_256_CBC_SHA384, TLS_ECDHE_ECDSA_WITH_AES_128_CBC_SHA256, TLS_ECDHE_RSA_WITH_AES_128_CBC_SHA256, TLS_DHE_RSA_WITH_AES_256_CBC_SHA256, TLS_DHE_DSS_WITH_AES_256_CBC_SHA256, TLS_DHE_RSA_WITH_AES_128_CBC_SHA256, TLS_DHE_DSS_WITH_AES_128_CBC_SHA256, TLS_ECDHE_ECDSA_WITH_AES_256_CBC_SHA, TLS_ECDHE_RSA_WITH_AES_256_CBC_SHA, TLS_ECDHE_ECDSA_WITH_AES_128_CBC_SHA, TLS_ECDHE_RSA_WITH_AES_128_CBC_SHA, TLS_DHE_RSA_WITH_AES_256_CBC_SHA, TLS_DHE_DSS_WITH_AES_256_CBC_SHA, TLS_DHE_RSA_WITH_AES_128_CBC_SHA, TLS_DHE_DSS_WITH_AES_128_CBC_SHA, TLS_RSA_WITH_AES_256_GCM_SHA384, TLS_RSA_WITH_AES_128_GCM_SHA256, TLS_RSA_WITH_AES_256_CBC_SHA256, TLS_RSA_WITH_AES_128_CBC_SHA256, TLS_RSA_WITH_AES_256_CBC_SHA, TLS_RSA_WITH_AES_128_CBC_SHA, TLS_EMPTY_RENEGOTIATION_INFO_SCSV]
998  15:21:07.565 [main] DEBUG o.a.h.c.h.s.SSLConnectionSocketFactory - Starting handshake (null)
1028 15:21:07.595 [main] DEBUG o.a.h.c.h.s.SSLConnectionSocketFactory - Secure session established
1029 15:21:07.596 [main] DEBUG o.a.h.c.h.s.SSLConnectionSocketFactory -  negotiated protocol: TLSv1.3
1030 15:21:07.597 [main] DEBUG o.a.h.c.h.s.SSLConnectionSocketFactory -  negotiated cipher suite: TLS_AES_256_GCM_SHA384
1030 15:21:07.597 [main] DEBUG o.a.h.c.h.s.SSLConnectionSocketFactory -  peer principal: CN=*.github.io, O="GitHub, Inc.", L=San Francisco, ST=California, C=US
1031 15:21:07.598 [main] DEBUG o.a.h.c.h.s.SSLConnectionSocketFactory -  peer alternative names: [*.github.io, github.io, *.github.com, github.com, www.github.com, *.githubusercontent.com, githubusercontent.com]
1032 15:21:07.599 [main] DEBUG o.a.h.c.h.s.SSLConnectionSocketFactory -  issuer principal: CN=DigiCert TLS RSA SHA256 2020 CA1, O=DigiCert Inc, C=US
1034 15:21:07.601 [main] DEBUG o.a.h.c.h.i.i.DefaultManagedHttpClientConnection - http-outgoing-0 set socket timeout to 3 MINUTES
1035 15:21:07.602 [main] DEBUG o.a.h.c.h.i.i.DefaultHttpClientConnectionOperator - raw.githubusercontent.com:443 connected null->raw.githubusercontent.com/185.199.110.133:443 as http-outgoing-0
1037 15:21:07.604 [main] DEBUG o.a.h.c.h.i.i.PoolingHttpClientConnectionManager - ep-0000000001 connected http-outgoing-0
1037 15:21:07.604 [main] DEBUG o.a.h.c.h.i.c.InternalHttpClient - ep-0000000001 endpoint connected
1039 15:21:07.606 [main] DEBUG o.a.h.c.h.i.classic.MainClientExec - ex-0000000001 executing GET /bonigarcia/webdrivermanager/master/src/main/resources/commands.properties HTTP/1.1
1041 15:21:07.608 [main] DEBUG o.a.h.c.h.p.RequestAddCookies - ex-0000000001 Cookie spec selected: strict
1055 15:21:07.622 [main] DEBUG o.a.h.c.h.i.c.InternalHttpClient - ep-0000000001 start execution ex-0000000001
1055 15:21:07.622 [main] DEBUG o.a.h.c.h.i.i.PoolingHttpClientConnectionManager - ep-0000000001 executing exchange ex-0000000001 over http-outgoing-0
1057 15:21:07.624 [main] DEBUG org.apache.hc.client5.http.headers - http-outgoing-0 >> GET /bonigarcia/webdrivermanager/master/src/main/resources/commands.properties HTTP/1.1
1057 15:21:07.624 [main] DEBUG org.apache.hc.client5.http.headers - http-outgoing-0 >> user-agent: Apache-HttpClient/5.0
1058 15:21:07.625 [main] DEBUG org.apache.hc.client5.http.headers - http-outgoing-0 >> accept-encoding: gzip, deflate, br
1058 15:21:07.625 [main] DEBUG org.apache.hc.client5.http.headers - http-outgoing-0 >> cache-control: max-age=0
1058 15:21:07.625 [main] DEBUG org.apache.hc.client5.http.headers - http-outgoing-0 >> connection: keep-alive
1061 15:21:07.628 [main] DEBUG org.apache.hc.client5.http.headers - http-outgoing-0 >> Host: raw.githubusercontent.com
1063 15:21:07.630 [main] DEBUG org.apache.hc.client5.http.wire - http-outgoing-0 >> "GET /bonigarcia/webdrivermanager/master/src/main/resources/commands.properties HTTP/1.1[\r][\n]"
1063 15:21:07.630 [main] DEBUG org.apache.hc.client5.http.wire - http-outgoing-0 >> "user-agent: Apache-HttpClient/5.0[\r][\n]"
1064 15:21:07.631 [main] DEBUG org.apache.hc.client5.http.wire - http-outgoing-0 >> "accept-encoding: gzip, deflate, br[\r][\n]"
1064 15:21:07.631 [main] DEBUG org.apache.hc.client5.http.wire - http-outgoing-0 >> "cache-control: max-age=0[\r][\n]"
1064 15:21:07.631 [main] DEBUG org.apache.hc.client5.http.wire - http-outgoing-0 >> "connection: keep-alive[\r][\n]"
1065 15:21:07.632 [main] DEBUG org.apache.hc.client5.http.wire - http-outgoing-0 >> "Host: raw.githubusercontent.com[\r][\n]"
1066 15:21:07.633 [main] DEBUG org.apache.hc.client5.http.wire - http-outgoing-0 >> "[\r][\n]"
1072 15:21:07.639 [main] DEBUG org.apache.hc.client5.http.wire - http-outgoing-0 << "HTTP/1.1 200 OK[\r][\n]"
1073 15:21:07.640 [main] DEBUG org.apache.hc.client5.http.wire - http-outgoing-0 << "Connection: keep-alive[\r][\n]"
1073 15:21:07.640 [main] DEBUG org.apache.hc.client5.http.wire - http-outgoing-0 << "Content-Length: 723[\r][\n]"
1074 15:21:07.641 [main] DEBUG org.apache.hc.client5.http.wire - http-outgoing-0 << "Cache-Control: max-age=300[\r][\n]"
1074 15:21:07.641 [main] DEBUG org.apache.hc.client5.http.wire - http-outgoing-0 << "Content-Security-Policy: default-src 'none'; style-src 'unsafe-inline'; sandbox[\r][\n]"
1074 15:21:07.641 [main] DEBUG org.apache.hc.client5.http.wire - http-outgoing-0 << "Content-Type: text/plain; charset=utf-8[\r][\n]"
1075 15:21:07.642 [main] DEBUG org.apache.hc.client5.http.wire - http-outgoing-0 << "ETag: W/"e82b438271e9e8680c688b0b680efd0bdd22faa6d6f0a32fc1fd8accc486b67e"[\r][\n]"
1078 15:21:07.645 [main] DEBUG org.apache.hc.client5.http.wire - http-outgoing-0 << "Strict-Transport-Security: max-age=31536000[\r][\n]"
1080 15:21:07.647 [main] DEBUG org.apache.hc.client5.http.wire - http-outgoing-0 << "X-Content-Type-Options: nosniff[\r][\n]"
1080 15:21:07.647 [main] DEBUG org.apache.hc.client5.http.wire - http-outgoing-0 << "X-Frame-Options: deny[\r][\n]"
1081 15:21:07.648 [main] DEBUG org.apache.hc.client5.http.wire - http-outgoing-0 << "X-XSS-Protection: 1; mode=block[\r][\n]"
1084 15:21:07.651 [main] DEBUG org.apache.hc.client5.http.wire - http-outgoing-0 << "X-GitHub-Request-Id: 9B28:2070:0A3B:0E91:64D15F98[\r][\n]"
1084 15:21:07.651 [main] DEBUG org.apache.hc.client5.http.wire - http-outgoing-0 << "Content-Encoding: gzip[\r][\n]"
1085 15:21:07.652 [main] DEBUG org.apache.hc.client5.http.wire - http-outgoing-0 << "Accept-Ranges: bytes[\r][\n]"
1086 15:21:07.653 [main] DEBUG org.apache.hc.client5.http.wire - http-outgoing-0 << "Date: Sat, 19 Aug 2023 09:51:08 GMT[\r][\n]"
1086 15:21:07.653 [main] DEBUG org.apache.hc.client5.http.wire - http-outgoing-0 << "Via: 1.1 varnish[\r][\n]"
1088 15:21:07.655 [main] DEBUG org.apache.hc.client5.http.wire - http-outgoing-0 << "X-Served-By: cache-maa10237-MAA[\r][\n]"
1088 15:21:07.655 [main] DEBUG org.apache.hc.client5.http.wire - http-outgoing-0 << "X-Cache: HIT[\r][\n]"
1088 15:21:07.655 [main] DEBUG org.apache.hc.client5.http.wire - http-outgoing-0 << "X-Cache-Hits: 1[\r][\n]"
1088 15:21:07.655 [main] DEBUG org.apache.hc.client5.http.wire - http-outgoing-0 << "X-Timer: S1692438669.599789,VS0,VE1[\r][\n]"
1089 15:21:07.656 [main] DEBUG org.apache.hc.client5.http.wire - http-outgoing-0 << "Vary: Authorization,Accept-Encoding,Origin[\r][\n]"
1091 15:21:07.658 [main] DEBUG org.apache.hc.client5.http.wire - http-outgoing-0 << "Access-Control-Allow-Origin: *[\r][\n]"
1094 15:21:07.661 [main] DEBUG org.apache.hc.client5.http.wire - http-outgoing-0 << "Cross-Origin-Resource-Policy: cross-origin[\r][\n]"
1096 15:21:07.663 [main] DEBUG org.apache.hc.client5.http.wire - http-outgoing-0 << "X-Fastly-Request-ID: 6c7854b2d7becd31f0de94fc93abdd1de0cbef1e[\r][\n]"
1096 15:21:07.663 [main] DEBUG org.apache.hc.client5.http.wire - http-outgoing-0 << "Expires: Sat, 19 Aug 2023 09:56:08 GMT[\r][\n]"
1097 15:21:07.664 [main] DEBUG org.apache.hc.client5.http.wire - http-outgoing-0 << "Source-Age: 143[\r][\n]"
1097 15:21:07.664 [main] DEBUG org.apache.hc.client5.http.wire - http-outgoing-0 << "[\r][\n]"
1102 15:21:07.669 [main] DEBUG org.apache.hc.client5.http.headers - http-outgoing-0 << HTTP/1.1 200 OK
1103 15:21:07.670 [main] DEBUG org.apache.hc.client5.http.headers - http-outgoing-0 << Connection: keep-alive
1104 15:21:07.671 [main] DEBUG org.apache.hc.client5.http.headers - http-outgoing-0 << Content-Length: 723
1104 15:21:07.671 [main] DEBUG org.apache.hc.client5.http.headers - http-outgoing-0 << Cache-Control: max-age=300
1105 15:21:07.672 [main] DEBUG org.apache.hc.client5.http.headers - http-outgoing-0 << Content-Security-Policy: default-src 'none'; style-src 'unsafe-inline'; sandbox
1105 15:21:07.672 [main] DEBUG org.apache.hc.client5.http.headers - http-outgoing-0 << Content-Type: text/plain; charset=utf-8
1105 15:21:07.672 [main] DEBUG org.apache.hc.client5.http.headers - http-outgoing-0 << ETag: W/"e82b438271e9e8680c688b0b680efd0bdd22faa6d6f0a32fc1fd8accc486b67e"
1105 15:21:07.672 [main] DEBUG org.apache.hc.client5.http.headers - http-outgoing-0 << Strict-Transport-Security: max-age=31536000
1106 15:21:07.673 [main] DEBUG org.apache.hc.client5.http.headers - http-outgoing-0 << X-Content-Type-Options: nosniff
1107 15:21:07.674 [main] DEBUG org.apache.hc.client5.http.headers - http-outgoing-0 << X-Frame-Options: deny
1108 15:21:07.675 [main] DEBUG org.apache.hc.client5.http.headers - http-outgoing-0 << X-XSS-Protection: 1; mode=block
1112 15:21:07.679 [main] DEBUG org.apache.hc.client5.http.headers - http-outgoing-0 << X-GitHub-Request-Id: 9B28:2070:0A3B:0E91:64D15F98
1112 15:21:07.679 [main] DEBUG org.apache.hc.client5.http.headers - http-outgoing-0 << Content-Encoding: gzip
1112 15:21:07.679 [main] DEBUG org.apache.hc.client5.http.headers - http-outgoing-0 << Accept-Ranges: bytes
1113 15:21:07.680 [main] DEBUG org.apache.hc.client5.http.headers - http-outgoing-0 << Date: Sat, 19 Aug 2023 09:51:08 GMT
1114 15:21:07.681 [main] DEBUG org.apache.hc.client5.http.headers - http-outgoing-0 << Via: 1.1 varnish
1114 15:21:07.681 [main] DEBUG org.apache.hc.client5.http.headers - http-outgoing-0 << X-Served-By: cache-maa10237-MAA
1114 15:21:07.681 [main] DEBUG org.apache.hc.client5.http.headers - http-outgoing-0 << X-Cache: HIT
1115 15:21:07.682 [main] DEBUG org.apache.hc.client5.http.headers - http-outgoing-0 << X-Cache-Hits: 1
1115 15:21:07.682 [main] DEBUG org.apache.hc.client5.http.headers - http-outgoing-0 << X-Timer: S1692438669.599789,VS0,VE1
1116 15:21:07.683 [main] DEBUG org.apache.hc.client5.http.headers - http-outgoing-0 << Vary: Authorization,Accept-Encoding,Origin
1118 15:21:07.685 [main] DEBUG org.apache.hc.client5.http.headers - http-outgoing-0 << Access-Control-Allow-Origin: *
1118 15:21:07.685 [main] DEBUG org.apache.hc.client5.http.headers - http-outgoing-0 << Cross-Origin-Resource-Policy: cross-origin
1118 15:21:07.685 [main] DEBUG org.apache.hc.client5.http.headers - http-outgoing-0 << X-Fastly-Request-ID: 6c7854b2d7becd31f0de94fc93abdd1de0cbef1e
1118 15:21:07.685 [main] DEBUG org.apache.hc.client5.http.headers - http-outgoing-0 << Expires: Sat, 19 Aug 2023 09:56:08 GMT
1118 15:21:07.685 [main] DEBUG org.apache.hc.client5.http.headers - http-outgoing-0 << Source-Age: 143
1124 15:21:07.691 [main] DEBUG o.a.h.c.h.i.classic.MainClientExec - ex-0000000001 connection can be kept alive for 3 MINUTES
1147 15:21:07.714 [main] DEBUG org.apache.hc.client5.http.wire - http-outgoing-0 << "[0x1f][0xffffff8b][0x8][0x0][0x0][0x0][0x0][0x0][0x0][0x3][0xffffffb5]V]o[0xffffffda]0[0x14]}[0xffffffe7]W\[0xffffff81]*[0xffffffb5][0x12][0x1f][[M[0xffffffd3]$[0x1e]hF[0xffffffbb]i [0x18][0xffffffb4][0xffffffdd]&[0xfffffff9][0xffffffc5]$7[0xffffffc1]R[0x12]#;[0xffffff94]v[0xffffffbf]~[0xffffffb6][0xfffffff3]1[0xffffff92][0xffffff9a][0xffffffc1][0x1a]x[0xffffffcb][0xffffffb5][0xffffffaf][0xffffffcf]9[0xffffffbe][0xfffffff7]8v[0xb][0x1c][0x1e]E4[0xfffffff6]$x4[0xffffffa1][0xb]*[0xffffffb1][0xffffffd1][0xffffff82][0xfffffffb]%[0xffffff93][0xffffffe0][0xffffffb3][0x10][0xffffffc1][0xffffffe5]qBY,!Y[0xffffffea] KM8,[0x10][0xfffffff0][0x19][0xffffffdd]u[0xffffff82][0x1e][0xffffffb0][0xffffffd8]L[0xffffffcb]%[0xffffff86][0xffffffa1][0xe][0xffffffb8][0xfffffff0]P[0xffffffe8]$[0xf][0x13]t[0x13]3[0xfffffff9][0xffffff84]B2[0xffffffae][0xffffffe6]|@[0xfffffff5][0x1d][0x8][0xffffffc4][0x18][0x16][0xffffff82]o[0xffffffa4][0xffffff9a]P[0xffffff94][0xffffffe7][0xffffffce]R[0xfffffff0][0x8][0xffffffdb]p[0xffffffcb][0x4][0xfffffffa][0xfffffffc][0xffffffb9][\r][0xffffff93][0x15][\n]"
1151 15:21:07.718 [main] DEBUG org.apache.hc.client5.http.wire - http-outgoing-0 << "[0xffffffda][0xffffff86][0xffffffa1][0x17][0xffffffa8]Q3[0xffffffcb][0xffffffd6][0xffffffd1][0xffffff85][0xffffffc6][0xfffffff7][0xffffff98][0xffffffef][0xffffffa3][0xffffffc0]8[0x1][0xffffffae]s[0x12][0x16][0x7] _d[0xffffff82][0xffffff91][0xffffff84][0xfffffff3][0x1f],[0xfffffff6][0x14]j[0x1b]F,^+[0xffffff98]1ua2[0xffffffbf]h([0xffffff8e][0xffffff94][0xffffffa2][0xffffff91]m[0xffffffa3][0xffffffeb][0xffffff9a][0xffffffb0][0xffffffbb]I[0x17]t[0xffffffdf][0xffffffbd][0xffffffef][0xffffffbb][0xffffff91][0xffffffd7]U[0xffffffbb][0xffffff82][0xffffff9e][0x3][0xffffff9b][0xffffff88][0xffffffb9][0xffffffa6]$[0xffffffa6][0xc][0xffffff9b][0xffffffa5][0xffffffe2][0xffffff83][0xffffff98]F[0xffffffd8]o[0xffffff9e]Mg[0xffffff93][0xffffffbb][0xffffffd9]`|[0xfffffffb]u4[0xffffff9c][0x7f]"}B[0xffffffce][0x8][0xffffffb9][0xffffffe3]<[0x8][0xffffff91][0xffffff90][0xffffff94][0xffffff82][0xffffff90][0xffffffc1]j[0x15]2WI[0xffffffe3]1![0x19][0xffffff91]BnB[0xffffff80][0x9]<f[0xffffffb5][0xffffffe8]=[0xffffffd1]p[0xffffffbd][[0xffffffcf][0xffffffe5][0x1b][0xfffffff4][0xffffff9c][0xffffffff][0xfffffffc][0xfffffff8][0xffffffe1][0xffffffe2][0xffffff94][0xffffffa2][0xffffffae][0xe][0x14]5[0xffffff9a]8[0xffffff83][0xffffffd1]`:[0xfffffffd]<[0xffffffb8][0x1f][0xffffff9c]R[0xffffffcf]u[0x7f]6[0xffffffbc][0xffffff83][0xffffffef][0xf][0xffffffc3][0xffffffd9]/[0xfffffff8][0xfffffff2][0xffffffcd]y s[0xffffffee]'[0x1b]*0g[0xffffffcb][0xffffffc8]nF7H][0xffffff83][0xffffff97]{[0xffffffb1]Q[0x5][\r][0xffffffb5]c[0xffffffb4][0xf][0x2][0xffffffb3][0xffffffb4][0xffffff93][0xe]C[0xffffffa7][0xffffffb3]kAD][0xffffff9d][0xffffffde][0xffffffdb][0xffffffda][0xffffff88][0xffffffec][0xffffffa5][0xffffffbc][0xffffff99][0xffffffd9][0xffffffba]t[0xffffffb5][0xffffffea]9[0xffffffea][0x10])[0xffffffb7][0xffffffca][0xffffff9e][0xfffffff2][0xffffffe2]d^N[0xffffffd8]FW[0x16][0xffffffcd][0xffffffdc]_[0x10][0xfffffff9]i|[0x1c][0xffffff93][0xffffff8e][0xfffffff9]o[0x16][0xffffff86]4'!$G[0xffffffdf]W[0xfffffff4]W*j[[0xfffffff3]xR[0xffffffae][0xffffffb6][0xc][0xffffffd0],; #[0xffffffa9][0xffffff92]5[0xffffffb5][0x7][0xffffff9c][0xffffffb5][0xffffffd0][0x7f][0xffffff90][0xffffffc7]jgs[0xfffffffc][0xffffffc2][0xb][0xffffffd9][0x0]t[0xffffff9e]^'Y[0xfffffffb][0xffffff9f][0xffffffb1][0xffffffd8]:[0xffffffbf][0xffffff8d][0xffffffa5][0xffffff9a][0xffffffad][0x7f]m[0x5]&[0xffffffaa][0xffffffa0]^[0xffffff9b][0xffffffcb][0x5]f[0xffffffae][0xffffffe0]RU[0xffffff82][0x10]MS9l[0xffffff91]4t[0xfffffffb][0xffffff8a]][0xffffffd6][0xfffffff4][0xffffff96][0xffffffa6][0xffffff9f]P[0xffffffce][0xffffffd5][0xffffffce][0xffffff93][0xffffffff][0xffffff97][0xffffffcc]p[0xfffffffd][0xfffffff3][0xffffffe8][0x1b][0xffffffcc][0xffffffa2][0xffffffd9]Q[0xffffffbe][0xffffffb2][0xffffffa3][0xffffffc7]m'[0xffffffdf][0xffffffe4][[0xfffffffb]^[0xffffffb0][0xffffff9a][0xffffffbe][0xffffffda][0xffffffda]_[0xffffffce][0xffffff80][0xffffffd2][0xffffffc1]7[0xffffffb7]][0xffffffc1]b[0xffffffee][0xffffffb5][0xffffffff]w[0xffffff83][0xffffffed][0xffffffa7];[0x15]<[0x10]4[0xffffff92][0xffffff84][0x18][\n]"
1153 15:21:07.720 [main] DEBUG org.apache.hc.client5.http.wire - http-outgoing-0 << "BB[0xffffffba][0xffffff8e]][0xffffffb5]jo[0xffffffb9]+"[0xffffffea][0xffffffb4][0xffffffff]h"[0xffffffea]\?5[0xffffffa9][0xffffffaf]k[0xffffffec][0xffffffff]P[0xffffffea][\n]"
1154 15:21:07.721 [main] DEBUG org.apache.hc.client5.http.wire - http-outgoing-0 << "w[0xffffffe1]K[0x13][0xffffffda][0xffffffec][0xffffff98][0xffffffe6]Y[0xfffffffd]h8m6[0xffffff9c]T[0xffffffc1][0xfffffff2][0xffffffa7][0xffffff91]z_[0xffffff95]o85p[0x1c][0x13][0xffffffe6][0xfffffff0]5[0xffffffee][0xfffffffc][0xffffff92][0xffffff96][0xffffffda][0xfffffff7][0xffffffcf][0xffffffb1][0x5][0x1d][0xffffffea]K[0xffffff9b]9[0xffffff8e][0xffffffad]e[0xfffffff7][0xffffff93][0xffffffa8]`[0xffffffda][0xffffffff][0x1a][0xffffffd2][0xffffff88][0xffffff85][0xfffffffd][0xfffffff2][0xffffff91]N[0xfffffff6]`[0xffffffdf]2[0xffffffcf][0xffffffae]E[0xffffff97][0xffffffc5][0xffffffa2][0xffffff9d][0xffffffef]'[0xffffff9d]mun.[0xffffffd3]f^[0xffffffc7][0xffffff82][0xffffffda][0xffffff82]9[0xfffffff5][0xffffffa9]`[0x5][0xffffffbc]4[0xffffffa1][0x1d]<M[0xffffffb5]A[0xffffffa7]3[[0xffffffc0][0x7f][0x0][0xffffffc1][0xffffffd0]$[0xffffff85][0x1d][\r][0x0][0x0]"
1157 15:21:07.724 [main] DEBUG o.a.h.c.h.i.c.InternalHttpClient - ep-0000000001 releasing valid endpoint
1158 15:21:07.725 [main] DEBUG o.a.h.c.h.i.i.PoolingHttpClientConnectionManager - ep-0000000001 releasing endpoint
1158 15:21:07.725 [main] DEBUG o.a.h.c.h.i.i.PoolingHttpClientConnectionManager - ep-0000000001 connection http-outgoing-0 can be kept alive for 3 MINUTES
1161 15:21:07.728 [main] DEBUG o.a.h.c.h.i.i.PoolingHttpClientConnectionManager - ep-0000000001 connection released [route: {s}->https://raw.githubusercontent.com:443][total available: 1; route allocated: 1 of 5; total allocated: 1 of 25]
1161 15:21:07.728 [main] DEBUG i.g.b.wdm.versions.VersionDetector - Detecting chrome version using online commands.properties
1174 15:21:07.741 [main] DEBUG i.g.bonigarcia.wdm.versions.Shell - Running command on the shell: [cmd.exe, /C, wmic, datafile, where, name="%PROGRAMFILES:\=\\%\\Google\\Chrome\\Application\\chrome.exe", get, Version, /value]
1603 15:21:08.170 [main] DEBUG i.g.bonigarcia.wdm.versions.Shell - Result: 
1604 15:21:08.171 [main] DEBUG i.g.bonigarcia.wdm.versions.Shell - Running command on the shell: [cmd.exe, /C, wmic, datafile, where, name="%PROGRAMFILES(X86):\=\\%\\Google\\Chrome\\Application\\chrome.exe", get, Version, /value]
1766 15:21:08.333 [main] DEBUG i.g.bonigarcia.wdm.versions.Shell - Result: Version=115.0.5790.173
1771 15:21:08.338 [main] DEBUG i.g.b.wdm.cache.ResolutionCache - Resolution chrome115=115.0.5790.170 in cache (valid until 10:18:25 20/08/2023 IST)
1771 15:21:08.338 [main] INFO  i.g.bonigarcia.wdm.WebDriverManager - Using chromedriver 115.0.5790.170 (resolved driver for Chrome 115)
1774 15:21:08.341 [main] DEBUG i.g.b.wdm.cache.ResolutionCache - Storing resolution chrome=115 in cache (valid until 16:21:08 19/08/2023 IST)
1790 15:21:08.357 [main] DEBUG i.g.bonigarcia.wdm.WebDriverManager - Driver chromedriver 115.0.5790.170 found in cache
1793 15:21:08.360 [main] INFO  i.g.bonigarcia.wdm.WebDriverManager - Exporting webdriver.chrome.driver as C:\Users\Administrator\.cache\selenium\chromedriver\win64\115.0.5790.170\chromedriver.exe
3333 15:21:09.900 [main] INFO  com.omrbranch.lib.BaseClass - chrome is launched successfully.
3471 15:21:10.038 [main] INFO  com.omrbranch.lib.BaseClass - Launched browser window is maximizied..
3472 15:21:10.039 [main] INFO  com.omrbranch.lib.BaseClass - Read the value from config file(key,value):(url:https://www.omrbranch.com/)
4598 15:21:11.165 [main] INFO  com.omrbranch.lib.BaseClass - Check the visibility of element...isLogoVisible
8608 15:21:15.175 [main] INFO  com.omrbranch.lib.BaseClass - Quit the browser
441  15:22:49.720 [main] INFO  com.omrbranch.lib.BaseClass - Read the value from config file(key,value):(browser:chrome)
1120 15:22:50.399 [main] DEBUG i.g.b.wdm.cache.ResolutionCache - Resolution chrome=115 in cache (valid until 16:21:08 19/08/2023 IST)
1128 15:22:50.407 [main] DEBUG i.g.b.wdm.cache.ResolutionCache - Resolution chrome115=115.0.5790.170 in cache (valid until 10:18:25 20/08/2023 IST)
1129 15:22:50.408 [main] INFO  i.g.bonigarcia.wdm.WebDriverManager - Using chromedriver 115.0.5790.170 (resolved driver for Chrome 115)
1190 15:22:50.469 [main] DEBUG i.g.bonigarcia.wdm.WebDriverManager - Driver chromedriver 115.0.5790.170 found in cache
1192 15:22:50.471 [main] INFO  i.g.bonigarcia.wdm.WebDriverManager - Exporting webdriver.chrome.driver as C:\Users\Administrator\.cache\selenium\chromedriver\win64\115.0.5790.170\chromedriver.exe
2974 15:22:52.253 [main] INFO  com.omrbranch.lib.BaseClass - chrome is launched successfully.
3153 15:22:52.432 [main] INFO  com.omrbranch.lib.BaseClass - Launched browser window is maximizied..
3154 15:22:52.433 [main] INFO  com.omrbranch.lib.BaseClass - Read the value from config file(key,value):(url:https://www.omrbranch.com/)
4052 15:22:53.331 [main] INFO  com.omrbranch.lib.BaseClass - Check the visibility of element...isLogoVisible
8064 15:22:57.343 [main] INFO  com.omrbranch.lib.BaseClass - Quit the browser
494  15:26:15.707 [main] INFO  com.omrbranch.lib.BaseClass - Read the value from config file(key,value):(browser:chrome)
1073 15:26:16.286 [main] DEBUG i.g.b.wdm.cache.ResolutionCache - Resolution chrome=115 in cache (valid until 16:21:08 19/08/2023 IST)
1083 15:26:16.296 [main] DEBUG i.g.b.wdm.cache.ResolutionCache - Resolution chrome115=115.0.5790.170 in cache (valid until 10:18:25 20/08/2023 IST)
1085 15:26:16.298 [main] INFO  i.g.bonigarcia.wdm.WebDriverManager - Using chromedriver 115.0.5790.170 (resolved driver for Chrome 115)
1130 15:26:16.343 [main] DEBUG i.g.bonigarcia.wdm.WebDriverManager - Driver chromedriver 115.0.5790.170 found in cache
1135 15:26:16.348 [main] INFO  i.g.bonigarcia.wdm.WebDriverManager - Exporting webdriver.chrome.driver as C:\Users\Administrator\.cache\selenium\chromedriver\win64\115.0.5790.170\chromedriver.exe
2691 15:26:17.904 [main] INFO  com.omrbranch.lib.BaseClass - chrome is launched successfully.
2853 15:26:18.066 [main] INFO  com.omrbranch.lib.BaseClass - Launched browser window is maximizied..
2854 15:26:18.067 [main] INFO  com.omrbranch.lib.BaseClass - Read the value from config file(key,value):(url:https://www.omrbranch.com/)
5984 15:26:21.197 [main] INFO  com.omrbranch.lib.BaseClass - Check the visibility of element...isLogoVisible
9996 15:26:25.209 [main] INFO  com.omrbranch.lib.BaseClass - Quit the browser
417  15:35:02.533 [main] INFO  com.omrbranch.lib.BaseClass - Read the value from config file(key,value):(browser:chrome)
972  15:35:03.088 [main] DEBUG i.g.b.wdm.cache.ResolutionCache - Resolution chrome=115 in cache (valid until 16:21:08 19/08/2023 IST)
981  15:35:03.097 [main] DEBUG i.g.b.wdm.cache.ResolutionCache - Resolution chrome115=115.0.5790.170 in cache (valid until 10:18:25 20/08/2023 IST)
982  15:35:03.098 [main] INFO  i.g.bonigarcia.wdm.WebDriverManager - Using chromedriver 115.0.5790.170 (resolved driver for Chrome 115)
1026 15:35:03.142 [main] DEBUG i.g.bonigarcia.wdm.WebDriverManager - Driver chromedriver 115.0.5790.170 found in cache
1032 15:35:03.148 [main] INFO  i.g.bonigarcia.wdm.WebDriverManager - Exporting webdriver.chrome.driver as C:\Users\Administrator\.cache\selenium\chromedriver\win64\115.0.5790.170\chromedriver.exe
2655 15:35:04.771 [main] INFO  com.omrbranch.lib.BaseClass - chrome is launched successfully.
2798 15:35:04.914 [main] INFO  com.omrbranch.lib.BaseClass - Launched browser window is maximizied..
2799 15:35:04.915 [main] INFO  com.omrbranch.lib.BaseClass - Read the value from config file(key,value):(url:https://www.omrbranch.com/)
4563 15:35:06.679 [main] INFO  com.omrbranch.lib.BaseClass - Check the visibility of element...isLogoVisible
4566 15:35:06.682 [main] INFO  com.omrbranch.lib.BaseClass - Loginpage object : 1555895711
8588 15:35:10.704 [main] INFO  com.omrbranch.lib.BaseClass - Quit the browser
564  15:40:55.362 [main] INFO  com.omrbranch.lib.BaseClass - Read the value from config file(key,value):(browser:chrome)
1139 15:40:55.937 [main] DEBUG i.g.b.wdm.cache.ResolutionCache - Resolution chrome=115 in cache (valid until 16:21:08 19/08/2023 IST)
1155 15:40:55.953 [main] DEBUG i.g.b.wdm.cache.ResolutionCache - Resolution chrome115=115.0.5790.170 in cache (valid until 10:18:25 20/08/2023 IST)
1156 15:40:55.954 [main] INFO  i.g.bonigarcia.wdm.WebDriverManager - Using chromedriver 115.0.5790.170 (resolved driver for Chrome 115)
1196 15:40:55.994 [main] DEBUG i.g.bonigarcia.wdm.WebDriverManager - Driver chromedriver 115.0.5790.170 found in cache
1207 15:40:56.005 [main] INFO  i.g.bonigarcia.wdm.WebDriverManager - Exporting webdriver.chrome.driver as C:\Users\Administrator\.cache\selenium\chromedriver\win64\115.0.5790.170\chromedriver.exe
2876 15:40:57.674 [main] INFO  com.omrbranch.lib.BaseClass - chrome is launched successfully.
3028 15:40:57.826 [main] INFO  com.omrbranch.lib.BaseClass - Launched browser window is maximizied..
3029 15:40:57.827 [main] INFO  com.omrbranch.lib.BaseClass - Read the value from config file(key,value):(url:https://www.omrbranch.com/)
3869 15:40:58.667 [main] INFO  com.omrbranch.lib.BaseClass - Check the visibility of element...isLogoVisible
3872 15:40:58.670 [main] INFO  com.omrbranch.lib.BaseClass - Loginpage object : 1555895711
7895 15:41:02.693 [main] INFO  com.omrbranch.lib.BaseClass - Quit the browser
598  15:45:36.347 [main] INFO  com.omrbranch.lib.BaseClass - Read the value from config file(key,value):(browser:chrome)
1215 15:45:36.964 [main] DEBUG i.g.b.wdm.cache.ResolutionCache - Resolution chrome=115 in cache (valid until 16:21:08 19/08/2023 IST)
1226 15:45:36.975 [main] DEBUG i.g.b.wdm.cache.ResolutionCache - Resolution chrome115=115.0.5790.170 in cache (valid until 10:18:25 20/08/2023 IST)
1227 15:45:36.976 [main] INFO  i.g.bonigarcia.wdm.WebDriverManager - Using chromedriver 115.0.5790.170 (resolved driver for Chrome 115)
1268 15:45:37.017 [main] DEBUG i.g.bonigarcia.wdm.WebDriverManager - Driver chromedriver 115.0.5790.170 found in cache
1275 15:45:37.024 [main] INFO  i.g.bonigarcia.wdm.WebDriverManager - Exporting webdriver.chrome.driver as C:\Users\Administrator\.cache\selenium\chromedriver\win64\115.0.5790.170\chromedriver.exe
2833 15:45:38.582 [main] INFO  com.omrbranch.lib.BaseClass - chrome is launched successfully.
2977 15:45:38.726 [main] INFO  com.omrbranch.lib.BaseClass - Launched browser window is maximizied..
2977 15:45:38.726 [main] INFO  com.omrbranch.lib.BaseClass - Read the value from config file(key,value):(url:https://www.omrbranch.com/)
3923 15:45:39.672 [main] INFO  com.omrbranch.lib.BaseClass - Check the visibility of element...isLogoVisible
3954 15:45:39.703 [main] INFO  com.omrbranch.lib.BaseClass - Loginpage object : 2082673402
4092 15:45:39.841 [main] INFO  com.omrbranch.lib.BaseClass - Suceesfully verified:the logo is displayed.
8101 15:45:43.850 [main] INFO  com.omrbranch.lib.BaseClass - Quit the browser
